{
    "SAMTOOLS_INDEX - stub - wiring and output names": {
        "content": [
            {
                "0": [
                    [
                        {
                            "id": "test"
                        },
                        "test.paired_end.sorted.bam:md5,fb76969225f658c10e4cdf496b703a61",
                        "test.paired_end.sorted.bam.bai:md5,d41d8cd98f00b204e9800998ecf8427e"
                    ]
                ],
                "bam": [
                    [
                        {
                            "id": "test"
                        },
                        "test.paired_end.sorted.bam:md5,fb76969225f658c10e4cdf496b703a61",
                        "test.paired_end.sorted.bam.bai:md5,d41d8cd98f00b204e9800998ecf8427e"
                    ]
                ]
            }
        ],
        "meta": {
            "nf-test": "0.9.3",
            "nextflow": "26.04.6"
        },
        "timestamp": "2026-09-15T14:05:06.3877"
    }
}